<?xml version="1.0" encoding="UTF-8"?>
<testsuites name="jest tests" tests="1" failures="0" errors="0" time="3.169">
  <testsuite name="undefined" errors="0" failures="0" skipped="0" timestamp="2024-07-02T09:12:27" time="2.816" tests="1">
    <testcase classname=" adds 1 + 2 to equal 3" name=" adds 1 + 2 to equal 3" time="0.009">
    </testcase>
  </testsuite>
</testsuites>